Flow report for Proyecto2_Arqui2
Fri Nov 14 17:23:00 2025
Quartus Prime Version 18.1.0 Build 625 09/12/2018 SJ Lite Edition


---------------------
; Table of Contents ;
---------------------
  1. Legal Notice
  2. Flow Summary
  3. Flow Settings
  4. Flow Non-Default Global Settings
  5. Flow Elapsed Time
  6. Flow OS Summary
  7. Flow Log
  8. Flow Messages
  9. Flow Suppressed Messages



----------------
; Legal Notice ;
----------------
Copyright (C) 2018  Intel Corporation. All rights reserved.
Your use of Intel Corporation's design tools, logic functions 
and other software and tools, and its AMPP partner logic 
functions, and any output files from any of the foregoing 
(including device programming or simulation files), and any 
associated documentation or information are expressly subject 
to the terms and conditions of the Intel Program License 
Subscription Agreement, the Intel Quartus Prime License Agreement,
the Intel FPGA IP License Agreement, or other applicable license
agreement, including, without limitation, that your use is for
the sole purpose of programming logic devices manufactured by
Intel and sold by Intel or its authorized distributors.  Please
refer to the applicable agreement for further details.



+-------------------------------------------------------------------------------+
; Flow Summary                                                                  ;
+---------------------------------+---------------------------------------------+
; Flow Status                     ; Successful - Fri Nov 14 17:23:00 2025       ;
; Quartus Prime Version           ; 18.1.0 Build 625 09/12/2018 SJ Lite Edition ;
; Revision Name                   ; Proyecto2_Arqui2                            ;
; Top-level Entity Name           ; interpolador_hw                             ;
; Family                          ; Cyclone V                                   ;
; Device                          ; 5CGXFC7C7F23C8                              ;
; Timing Models                   ; Final                                       ;
; Logic utilization (in ALMs)     ; 1 / 56,480 ( < 1 % )                        ;
; Total registers                 ; 0                                           ;
; Total pins                      ; 72 / 268 ( 27 % )                           ;
; Total virtual pins              ; 0                                           ;
; Total block memory bits         ; 0 / 7,024,640 ( 0 % )                       ;
; Total DSP Blocks                ; 0 / 156 ( 0 % )                             ;
; Total HSSI RX PCSs              ; 0 / 6 ( 0 % )                               ;
; Total HSSI PMA RX Deserializers ; 0 / 6 ( 0 % )                               ;
; Total HSSI TX PCSs              ; 0 / 6 ( 0 % )                               ;
; Total HSSI PMA TX Serializers   ; 0 / 6 ( 0 % )                               ;
; Total PLLs                      ; 0 / 13 ( 0 % )                              ;
; Total DLLs                      ; 0 / 4 ( 0 % )                               ;
+---------------------------------+---------------------------------------------+


+-----------------------------------------+
; Flow Settings                           ;
+-------------------+---------------------+
; Option            ; Setting             ;
+-------------------+---------------------+
; Start date & time ; 11/14/2025 17:21:00 ;
; Main task         ; Compilation         ;
; Revision Name     ; Proyecto2_Arqui2    ;
+-------------------+---------------------+


+-------------------------------------------------------------------------------------------------------------------------------------+
; Flow Non-Default Global Settings                                                                                                    ;
+--------------------------------------+----------------------------------------+------------------+-----------------+----------------+
; Assignment Name                      ; Value                                  ; Default Value    ; Entity Name     ; Section Id     ;
+--------------------------------------+----------------------------------------+------------------+-----------------+----------------+
; COMPILER_SIGNATURE_ID                ; 1095701190320.176316245925664          ; --               ; --              ; --             ;
; EDA_DESIGN_INSTANCE_NAME             ; NA                                     ; --               ; --              ; interp_pkg_tb  ;
; EDA_NATIVELINK_SIMULATION_TEST_BENCH ; interp_pkg_tb                          ; --               ; --              ; eda_simulation ;
; EDA_OUTPUT_DATA_FORMAT               ; Verilog Hdl                            ; --               ; --              ; eda_simulation ;
; EDA_SIMULATION_TOOL                  ; ModelSim-Altera (Verilog)              ; <None>           ; --              ; --             ;
; EDA_TEST_BENCH_ENABLE_STATUS         ; TEST_BENCH_MODE                        ; --               ; --              ; eda_simulation ;
; EDA_TEST_BENCH_FILE                  ; interp_pkg_tb.sv                       ; --               ; --              ; interp_pkg_tb  ;
; EDA_TEST_BENCH_MODULE_NAME           ; interp_pkg_tb                          ; --               ; --              ; interp_pkg_tb  ;
; EDA_TEST_BENCH_NAME                  ; interp_pkg_tb                          ; --               ; --              ; eda_simulation ;
; EDA_TIME_SCALE                       ; 1 ps                                   ; --               ; --              ; eda_simulation ;
; MAX_CORE_JUNCTION_TEMP               ; 85                                     ; --               ; --              ; --             ;
; MIN_CORE_JUNCTION_TEMP               ; 0                                      ; --               ; --              ; --             ;
; PARTITION_COLOR                      ; -- (Not supported for targeted family) ; --               ; interpolador_hw ; Top            ;
; PARTITION_FITTER_PRESERVATION_LEVEL  ; -- (Not supported for targeted family) ; --               ; interpolador_hw ; Top            ;
; PARTITION_NETLIST_TYPE               ; -- (Not supported for targeted family) ; --               ; interpolador_hw ; Top            ;
; POWER_BOARD_THERMAL_MODEL            ; None (CONSERVATIVE)                    ; --               ; --              ; --             ;
; POWER_PRESET_COOLING_SOLUTION        ; 23 MM HEAT SINK WITH 200 LFPM AIRFLOW  ; --               ; --              ; --             ;
; PROJECT_OUTPUT_DIRECTORY             ; output_files                           ; --               ; --              ; --             ;
; TOP_LEVEL_ENTITY                     ; interpolador_hw                        ; Proyecto2_Arqui2 ; --              ; --             ;
+--------------------------------------+----------------------------------------+------------------+-----------------+----------------+


+--------------------------------------------------------------------------------------------------------------------------+
; Flow Elapsed Time                                                                                                        ;
+----------------------+--------------+-------------------------+---------------------+------------------------------------+
; Module Name          ; Elapsed Time ; Average Processors Used ; Peak Virtual Memory ; Total CPU Time (on all processors) ;
+----------------------+--------------+-------------------------+---------------------+------------------------------------+
; Analysis & Synthesis ; 00:00:14     ; 1.0                     ; 4795 MB             ; 00:00:28                           ;
; Fitter               ; 00:01:07     ; 1.0                     ; 6751 MB             ; 00:01:45                           ;
; Assembler            ; 00:00:14     ; 1.0                     ; 4825 MB             ; 00:00:13                           ;
; Timing Analyzer      ; 00:00:15     ; 1.0                     ; 5144 MB             ; 00:00:13                           ;
; EDA Netlist Writer   ; 00:00:04     ; 1.0                     ; 4739 MB             ; 00:00:04                           ;
; Total                ; 00:01:54     ; --                      ; --                  ; 00:02:43                           ;
+----------------------+--------------+-------------------------+---------------------+------------------------------------+


+------------------------------------------------------------------------------------+
; Flow OS Summary                                                                    ;
+----------------------+------------------+------------+------------+----------------+
; Module Name          ; Machine Hostname ; OS Name    ; OS Version ; Processor type ;
+----------------------+------------------+------------+------------+----------------+
; Analysis & Synthesis ; LaptoLenovo      ; Windows 10 ; 10.0       ; x86_64         ;
; Fitter               ; LaptoLenovo      ; Windows 10 ; 10.0       ; x86_64         ;
; Assembler            ; LaptoLenovo      ; Windows 10 ; 10.0       ; x86_64         ;
; Timing Analyzer      ; LaptoLenovo      ; Windows 10 ; 10.0       ; x86_64         ;
; EDA Netlist Writer   ; LaptoLenovo      ; Windows 10 ; 10.0       ; x86_64         ;
+----------------------+------------------+------------+------------+----------------+


------------
; Flow Log ;
------------
quartus_map --read_settings_files=on --write_settings_files=off Proyecto2_Arqui2 -c Proyecto2_Arqui2
quartus_fit --read_settings_files=off --write_settings_files=off Proyecto2_Arqui2 -c Proyecto2_Arqui2
quartus_asm --read_settings_files=off --write_settings_files=off Proyecto2_Arqui2 -c Proyecto2_Arqui2
quartus_sta Proyecto2_Arqui2 -c Proyecto2_Arqui2
quartus_eda --read_settings_files=off --write_settings_files=off Proyecto2_Arqui2 -c Proyecto2_Arqui2



